### 2017/8/4
>vs2017 安装完成后不会安装nodejs的sdk,只是安装了nodejs的vs插件，需要自行安装nodejs的sdk \
>常见的一些框架或是系统后的LTS表示Long Term Support(长期支持)

### 2017/8/9
>linux 下通过inode删除文件\
```bash
wayne@wayne-VMachine:~/Documents$ ls -i
4065977 aa
wayne@wayne-VMachine:~/Documents$ find . -inum 4065977 -exec rm -i {} \;
rm: remove regular empty file './aa'? y
wayne@wayne-VMachine:~/Documents$ ls
```

>就目前win10 与 Hyper-v linux虚拟主机直接共享代码解决方案如下：\
1. 在win10上搭建git ssh类型服务器。\
2. 在ssh用户目录下创建空的仓库 `git --bare init`。
3. 在win10上编写代码，将linux的include文件拷贝到win10中，然后设置vscode 中的c/cpp:Edit Config,添加include文件夹路径，实现linux代码自动补全；关联本地库和git server上的空库
```shell
git init
git add .
git commit -a -m ""
git remote add origin Wayne@127.0.0.1:Object/test.git
git push -u origin master
```
4. 在Hyper-v linux中，创建本地版本库，关联win10的git server上的库
```shell
git init
git remote add origin Wayne@mygit.com:Object/test.git
git pull origin master
```
5. 可以在本地使用vs code编写代码，然后push到win10上的git server上，然后Hyper-v上的虚拟机中pull文件，进行编译，编译完成后push编译结果到win10的git server上。

### 2017/8/16

Linux 中的umask是在创建新文件的时候起作用，一般情况下umask为002，及other权限不可写（r-4,w-2,x-1）;umask可以直接通过umask命令修改
```bash
wayne@wayne-VMachine:~$ umask
0002
wayne@wayne-VMachine:~$ umask 066
wayne@wayne-VMachine:~$ umask
0066
```
umask 066,表示 user权限没有掩码，group权限掩码为6及r,w，所以group权限不可读写，other权限也一样。\
通过touch,echo >>,cp等创建的文件默认为666，umask 002 八进制取反为775，666与775 AND,为664 rw-rw-r--

### 2017/8/16
#include<unistd.h>一般要放在首行，因为它定义了与POSIX有关的标志，其他文件可能用到

### 2017/8/31
<b>IP地址由 ___网络号___ ___主机号___  构成</b> \
<b>IP地址的分类</b>
* A类 <font color=#ff0000>0</font>000 0000~<font color=#ff0000>0</font>111 1111\
网络号从0到127，网络号0代表所有网络，127代表系统回环，所以A类的网络号1~126
* B类 <font color=#ff0000>10</font>00 0000~<font color=#ff0000>10</font>11 1111\
网络号从128~191
* C类 <font color=#ff0000>110</font>0 0000~<font color=#ff0000>110</font>1 1111\
网络号从192~223
* D类 <font color=#ff0000>1110</font> 0000~<font color=#ff0000>1110</font> 1111\
网络号从224~239
* E类 <font color=#ff0000>1111</font> 0000~<font color=#ff0000>1111</font> 1111\
网络号从240~255


>私有地址\
A：10.0.0.0 \
B：172.16.00－172.31.0.0 ；16个B类 \
C：192.168.0.0－192.168.255.0 ；255个C类

<b>子网掩码</b>\
子网掩码的作用是取出网络号，子网掩码二进制表示形式必须是相邻的及 255.255.255.4是错误的，因为4是0000 0100（靠左的所有位必须为1），通过将IP地址与子网掩码做与操作，即可取得网络号。\
<b>子网容量计算</b>\
子网掩码中靠右的0的位数决定了子网的容量，n个0，其子网容量为2的n-1次方个主机号，由于都为0不可用，都为1是广播号，所以是n-1次方而不是n次方。\
个人理解：所谓的子网含义上是指在A,B，C,D类等网络类型上的网络，只要第一个字节的范围落在类型范围内就可，也就是说网络类型的划分应该与字段没关系，比如 IP地址\
01111100 00000000 00000000 00000010/6 - 124.0.0.2 \
这也是属于A类的子网，而IP地址\
10111000 00000000 00000000 00000010/6 - 184.0.0.2 \
是属于B类的IP地址。\
<b>网段</b>


### 路由表
IP路由就是根据IP地址在不同网络之间转发数据的过程。它决定了IP数据包从
源网络到目的网络怎么走，也就是规划一条到目的地的路径。实现这个功能的设
备就是路由器，每个路由器都保存着一张路由表，表中每个条目指明分组到某个
子网或主机应该通过路由器的哪个物理端口发送，然后就可到达该路由的下一个
路由器，或者不在经过别的路由器而传送到直接相连的网络中的目的主机。下面
举个例子来讲解IP路由的过程。\
从西安到榆林，需要西安-》铜川-》延安-》榆林 \
假如我们从西安市出发，要到榆林市，此时我们要查看地图发现去榆林得先到达
达铜川市(当然也有其他路径，在此假设就这一条路，多条路的话选择最优的路径)，
于是我们坐火车到达铜川市，此时到了铜川市，再次查地图，发现要到达榆林得先到达
延安市，于是我们坐车到达了延安市，此时查看地图发现榆林就在我们相邻的地方，此
时有到榆林的直通车，于是我们坐上到榆林的直通车直达榆林。
      以上例子和网络中数据包转发的道理是一样的，每一站都知道怎么去目的站，但是
并不知道去目的站的完整路径。也就是说我们知道去榆林要先到达铜川市，但并不知道
到达榆林的完整路径怎么走。这种知道怎么去下一站的信息就是一条路由条目，整个地
图就相当于路由表，乘客就相当于IP数据包。\

>数据包在TCP/IP网络间传递时MAC地址变化，数据包内部的IP地址保持不变。
根据以上拓扑图，数据包转发过程：\
* 1.PC1查看自己的ARP表，如果主机PC1第一次给PC2发送数据包，那将无法从ARP映射表中找到
对应的mac地址。因此PC1将以FF:FF:FF:FF:FF:FF为目的mac地址，发送一个arp广播请求。\
* 2.如果PC2和PC1在同一个网段，那么只有PC2将响应PC1发送的ARP广播。此时PC1得到了PC2 
的mac地址，并将这个mac地址存入arp缓存，然后将自己的mac地址为源地址，PC2的mac地址为目的
mac地址封装成以太网数据帧发送给PC2。\
* 3.如果主机PC2并不和PC1在同一网络。路由器的端口将把自己的mac地址发送给PC1，然后PC1将此
mac地址和对应的网关接口IP存入arp缓存。然后将自己的mac地址为源mac，网关的mac为目的mac，封
装成以太网帧发送给路由器。\
* 4.路由器接收到数据包后，进行拆包，获取数据包中的目的IP地址，然后查找路由表，找到要出去的接
口的mac地址，和下一跳的IP地址，然后通过得到的下一跳IP地址查找arp表，找到对应的mac地址，如果
arp缓存没有下一跳IP的mac地址，则同样进行arp广播。\
* 5.接着上一步，将路由器出接口的mac地址为源mac地址，将下一跳路由器接口的mac地址为目的mac
地址封装成以太网帧发送给下一站路由器。\
* 6.当下一站路由器收到数据包后重复进行3-4-5的步骤，直到PC2收到数据包。\

<font color=#fcfcfc>个人理解：也就是说网络中的每个节点只知道到达路径中自己相邻的下一个节点的MAC地址。</font>

下面是window中的路由表，通过 route print -4 命令打印出来的，-4指定只打印ipv4相关的\
```bash
PS C:\WINDOWS\system32> route print -4
===========================================================================
接口列表
  8...00 15 5d 00 98 01 ......Hyper-V Virtual Ethernet Adapter #2
 19...ec 0e c4 25 14 33 ......Realtek RTL8723BE Wireless LAN 802.11n PCI-E NIC
  6...ee 0e c4 25 14 33 ......Microsoft Wi-Fi Direct Virtual Adapter
 14...28 d2 44 e6 99 1a ......Realtek PCIe GBE Family Controller
 17...28 d2 44 e6 99 1a ......Hyper-V Virtual Ethernet Adapter
  1...........................Software Loopback Interface 1
===========================================================================

IPv4 路由表
===========================================================================
活动路由:
网络目标        网络掩码          网关       接口   跃点数
          0.0.0.0          0.0.0.0     172.16.0.254     172.16.0.152     35
        127.0.0.0        255.0.0.0            在链路上         127.0.0.1    331
        127.0.0.1  255.255.255.255            在链路上         127.0.0.1    331
  127.255.255.255  255.255.255.255            在链路上         127.0.0.1    331
      169.254.0.0      255.255.0.0            在链路上    169.254.140.51    271
      169.254.0.0      255.255.0.0            在链路上   169.254.211.233    291
   169.254.140.51  255.255.255.255            在链路上    169.254.140.51    271
  169.254.211.233  255.255.255.255            在链路上   169.254.211.233    291
  169.254.255.255  255.255.255.255            在链路上    169.254.140.51    271
  169.254.255.255  255.255.255.255            在链路上   169.254.211.233    291
       172.16.0.0    255.255.252.0            在链路上      172.16.0.152    291
     172.16.0.152  255.255.255.255            在链路上      172.16.0.152    291
     172.16.3.255  255.255.255.255            在链路上      172.16.0.152    291
        224.0.0.0        240.0.0.0            在链路上         127.0.0.1    331
        224.0.0.0        240.0.0.0            在链路上   169.254.211.233    291
        224.0.0.0        240.0.0.0            在链路上      172.16.0.152    291
        224.0.0.0        240.0.0.0            在链路上    169.254.140.51    271
  255.255.255.255  255.255.255.255            在链路上         127.0.0.1    331
  255.255.255.255  255.255.255.255            在链路上   169.254.211.233    291
  255.255.255.255  255.255.255.255            在链路上      172.16.0.152    291
  255.255.255.255  255.255.255.255            在链路上    169.254.140.51    271
===========================================================================
永久路由:
  无
```

 0.0.0.0          0.0.0.0     172.16.0.254     172.16.0.152     35 \
为缺省路由（匹配度为0），也即是说，当一个数据包的目的网段不在你的路由记录中，那么你的路由器就该把那个数据包发送到这里。缺省路由网关是：172.16.0.254该记录的意思是： \
当我们收到一个数据包，但是其目的网段不在我们的路由记录中，我们将该数据包通过172.16.0.152这个接口发送到172.16.0.254这个地址，这个地址是下一个路由器的接口，这样这个数据包就可以交付给下一个路由器处理了。

172.16.0.152  255.255.255.255            在链路上      172.16.0.152    291 \
当路由器收到一个发往自己的数据包时，直接将数据包通过172.16.0.152这个接口发送给自己。网关地址为“在链路上”表示没有网关或者说网关“在链路上”（接口本身）。
 
### 2017/09/01

<b>.net 中IDispose 与 Object.Finalize</b> \
* 托管对象无需显示释放，将由垃圾回收器定时释放；
* IDispose接口用于非托管资源的释放，使用方需要显示的调用Dispose方法；
* Object.Finalize的实现是通过派生类中的析构函数实现的。

IDispose接口的实现有固定的模式，通常会重载一个Dispose(boolean)的protected方法，在这个方法中实现真正释放逻辑；通常为了确保非托管资源被释放，可以采取两种方法；\
* 第一,使用安全句柄包装非托管资源的句柄，安全句柄是托管资源，可通过垃圾回收器自动释放。
* 第二，实现Object.Finalize方法，及类的析构函数，在析构函数中实现非托管资源的释放。

```csharp
using Microsoft.Win32.SafeHandles;
using System;
using System.IO;
using System.Runtime.InteropServices;

public class DisposableStreamResource : IDisposable
{
   // Define constants.
   protected const uint GENERIC_READ = 0x80000000;
   protected const uint FILE_SHARE_READ = 0x00000001;
   protected const uint OPEN_EXISTING = 3;
   protected const uint FILE_ATTRIBUTE_NORMAL = 0x80;
   protected IntPtr INVALID_HANDLE_VALUE = new IntPtr(-1);
   private const int INVALID_FILE_SIZE = unchecked((int) 0xFFFFFFFF);
   
   // Define Windows APIs.
   [DllImport("kernel32.dll", EntryPoint = "CreateFileW", CharSet = CharSet.Unicode)]
   protected static extern IntPtr CreateFile (
                                  string lpFileName, uint dwDesiredAccess, 
                                  uint dwShareMode, IntPtr lpSecurityAttributes, 
                                  uint dwCreationDisposition, uint dwFlagsAndAttributes, 
                                  IntPtr hTemplateFile);
   
   [DllImport("kernel32.dll")]
   private static extern int GetFileSize(SafeFileHandle hFile, out int lpFileSizeHigh);
    
   // Define locals.
   private bool disposed = false;
   private SafeFileHandle safeHandle; 
   private long bufferSize;
   private int upperWord;
   
   public DisposableStreamResource(string filename)
   {
      if (filename == null)
         throw new ArgumentNullException("The filename cannot be null.");
      else if (filename == "")
         throw new ArgumentException("The filename cannot be an empty string.");
            
      IntPtr handle = CreateFile(filename, GENERIC_READ, FILE_SHARE_READ,
                                 IntPtr.Zero, OPEN_EXISTING, FILE_ATTRIBUTE_NORMAL,
                                 IntPtr.Zero);
      if (handle != INVALID_HANDLE_VALUE)
         safeHandle = new SafeFileHandle(handle, true);
      else
         throw new FileNotFoundException(String.Format("Cannot open '{0}'", filename));
      
      // Get file size.
      bufferSize = GetFileSize(safeHandle, out upperWord); 
      if (bufferSize == INVALID_FILE_SIZE)
         bufferSize = -1;
      else if (upperWord > 0) 
         bufferSize = (((long)upperWord) << 32) + bufferSize;
   }
   
   public long Size 
   { get { return bufferSize; } }

   public void Dispose()
   {
      Dispose(true);
      GC.SuppressFinalize(this);
   }           

   protected virtual void Dispose(bool disposing)
   {
      if (disposed) return;

      // Dispose of managed resources here.
      if (disposing)
         safeHandle.Dispose();
      
      // Dispose of any unmanaged resources not wrapped in safe handles.
      
      disposed = true;
   }  

   public ~DisposableStreamResource()
   {
     Dispose(false);
   }
}
```
在使用Dispose接口的时候，需要进行GC.SuppressFinalize(this),这个方法组织GC调用这个对象的析构函数进行释放；当没有显示调用Dispose方法进行对非托管资源的释放时，可以在GC调用对象的虚构函数时进行非托管资源的释放，不过最好的方法是通过安全句柄进行资源的释放。

### MySql 5.7忘记本地密码修改步骤
由于MySQL长时间没用，忘记了密码，记录一下修改密码的操作。\
1. 停止mysqld.exe进行；\
2. 命令行进入mysql5.7的bin目录下，运行
```shell
mysqld --skip-grant-tables
```
运行以上命令的时候报错了，找不到 data文件夹，mysqld 在没有配置文件的时候默认在mysql5.7安装目录中寻找data文件夹，而安装过程中mysql将 配置文件my.ini 和 data文件夹默认安装到 “C:\ProgramData\MySQL\MySQL Server 5.7”目录下，所以将 --datadir="C:\ProgramData\MySQL\MySQL Server 5.7"加上。
```shell
mysqld --datadir='C:\ProgramData\MySQL\MySQL Server 5.7' --skip-grant-tables
```
mysqld启动成功。\
3. 另外启动一个命令窗口，进入到bin目录下，运行 mysql ,直接链接到mysqld,执行如下命令：
```shell
mysql> use mysql
Database changed
mysql> select host,user,password from user;
ERROR 1054 (42S22): Unknown column 'password' in 'field list'
mysql> select host,user,passwd from user;
ERROR 1054 (42S22): Unknown column 'passwd' in 'field list'
mysql> use information_schame
ERROR 1049 (42000): Unknown database 'information_schame'
mysql> use information_schema
Database changed
mysql> select column_name from columns where table_name='user';
+------------------------+
| column_name            |
+------------------------+
| Host                   |
| User                   |
| Select_priv            |
| Insert_priv            |
| Update_priv            |
| Delete_priv            |
| Create_priv            |
| Drop_priv              |
| Reload_priv            |
| Shutdown_priv          |
| Process_priv           |
| File_priv              |
| Grant_priv             |
| References_priv        |
| Index_priv             |
| Alter_priv             |
| Show_db_priv           |
| Super_priv             |
| Create_tmp_table_priv  |
| Lock_tables_priv       |
| Execute_priv           |
| Repl_slave_priv        |
| Repl_client_priv       |
| Create_view_priv       |
| Show_view_priv         |
| Create_routine_priv    |
| Alter_routine_priv     |
| Create_user_priv       |
| Event_priv             |
| Trigger_priv           |
| Create_tablespace_priv |
| ssl_type               |
| ssl_cipher             |
| x509_issuer            |
| x509_subject           |
| max_questions          |
| max_updates            |
| max_connections        |
| max_user_connections   |
| plugin                 |
| authentication_string  |
| password_expired       |
| password_last_changed  |
| password_lifetime      |
| account_locked         |
+------------------------+
45 rows in set (0.00 sec)

mysql> use mysql
Database changed
mysql> select user,host,password_expired from user;
+---------------+-----------+------------------+
| user          | host      | password_expired |
+---------------+-----------+------------------+
| root          | localhost | N                |
| mysql.session | localhost | N                |
| mysql.sys     | localhost | N                |
| remote        | %         | N                |
+---------------+-----------+------------------+
4 rows in set (0.06 sec)

mysql> select user,host,authentication_string from user;
+---------------+-----------+-------------------------------------------+
| user          | host      | authentication_string                     |
+---------------+-----------+-------------------------------------------+
| root          | localhost | *1DE9C33F56852BB8D05FAC6556901703517EB63C |
| mysql.session | localhost | *THISISNOTAVALIDPASSWORDTHATCANBEUSEDHERE |
| mysql.sys     | localhost | *THISISNOTAVALIDPASSWORDTHATCANBEUSEDHERE |
| remote        | %         | *1DE9C33F56852BB8D05FAC6556901703517EB63C |
+---------------+-----------+-------------------------------------------+
4 rows in set (0.00 sec)

mysql> update user set authentication_string=password('10086') where user=root;
ERROR 1054 (42S22): Unknown column 'root' in 'where clause'
mysql> update user set authentication_string=password('10086') where user='root';
Query OK, 1 row affected, 1 warning (0.26 sec)
Rows matched: 1  Changed: 1  Warnings: 1

mysql> update user set authentication_string=password('10086') where user='remote';
Query OK, 1 row affected, 1 warning (0.00 sec)
Rows matched: 1  Changed: 1  Warnings: 1

mysql> exit
Bye
```
更新本地和远程用户的密码。\
注意，mysql5.7开始user表中用authentication_string 代替 password字段，可以用 select column_name from information_schema.columns where table_name='user'; 查询表中字段名称。

### 2017/09/08 生成coredump文件
linux中coredump不会产生的问题：\
1. 进程是设置-用户-ID，而且当前用户并非程序文件的所有者；
2. 进程是设置-组-ID，而且当前用户并非该程序文件的组所有者；
3. 用户没有写当前工作目录的许可权；
4. core文件已存在；
5. core文件太大（ulimit -c unlimited)\

生成core文件的操作：
1. 确保系统打开了core dump,命令 ulimit -c 如果返回的为零，说明系统限制了core文件的大小为0，所以不会生成core文件，通过ulimit -c size可以设置固定的大小，但一般是通过ulimit -c unlimited设置大小为无限制，这条命令只对当前session起作用，如果希望永久起作用，将其添加到 /etc/profile中
ulimit -c unlimited > /dev/null 2>&1 然后source /etc/profile使其立即生效。
2. 在文件 /etc/sysctl.conf中添加如下配置：
```shell
kernel.core_uses_pid = 1  
kernel.core_pattern = core-%e-%s-%p-%t  
fs.suid_dumpable=2 

sysctl -p
```
* 第一条是配置是让生成的dump 文件加上进程号
* 第二条配置为在程序运行目录生成崩溃文件
* 第三条是设置文件如果设置了+u权限， 也可以生成dump 文件
sysctl -p 是使设置及时生效。

此外还可以已通过sysctl 命令来设置
sysctl -w kernel.core_pattern = core-%e-%s-%p-%t
不用运行sysctl -p 即可立即生效

设置完成后，启动带有bug的程序，就可在当前目录看到一个core开头的文件，就是coredump文件。

# 2017/9/11 /proc/run 下的pid文件
防止进程启动多个副本。只有获得pid文件(固定路径固定文件名)写入权限(F_WRLCK)的进程才能正常启动并把自身的PID写入该文件中。其它同一个程序的多余进程则自动退出。

* 编程技巧
> 调用fcntl设置pid文件的锁定F_SETLK状态，其中锁定的标志位F_WRLCK。\
如果成功锁定，则写入进程当前PID，进程继续往下执行。\
如果锁定不成功，说明已经有同样的进程在运行了，当前进程结束退出。

```c
lock.l_type = F_WRLCK;
lock.l_whence = SEEK_SET;


if (fcntl(fd, F_SETLK, &lock) < 0){
    //锁定不成功, 退出......
}
sprintf (buf, "%d\n", (int) pid);
pidsize = strlen(buf);
if ((tmp = write (fd, buf, pidsize)) != (int)pidsize){
    //写入不成功, 退出......
}
```
* 注意事项
> i) 如果进程退出，则该进程加的锁自动失效。\
ii) 如果进程关闭了该文件描述符fd， 则加的锁失效。(整个进程运行期间不能关闭此文件描述符) \
iii) 锁的状态不会被子进程继承。如果进程关闭则锁失效而不管子进程是否在运行。 

### ubuntu root
sudo passwd root \
输入密码后直接su，可切换到root用户

### linux 下gcc,g++升级，降级
查看版本 
```bash
wayne@wayne-VMachine:~$ gcc --version
gcc (Ubuntu 5.4.0-6ubuntu1~16.04.4) 5.4.0 20160609
Copyright (C) 2015 Free Software Foundation, Inc.
This is free software; see the source for copying conditions.  There is NO
warranty; not even for MERCHANTABILITY or FITNESS FOR A PARTICULAR PURPOSE.

wayne@wayne-VMachine:~$ g++ --version
g++ (Ubuntu 5.4.0-6ubuntu1~16.04.4) 5.4.0 20160609
Copyright (C) 2015 Free Software Foundation, Inc.
This is free software; see the source for copying conditions.  There is NO
warranty; not even for MERCHANTABILITY or FITNESS FOR A PARTICULAR PURPOSE.
```
安装指定版本
```bash
wayne@wayne-VMachine:~$ sudo apt install gcc-4.7
wayne@wayne-VMachine:~$ sudo apt install g++-4.7
```
在 /usr/bin目录中存在一个当前gcc 和 g++的软链接文件以及源文件
```bash
wayne@wayne-VMachine:~$ ll /usr/bin/gcc*
lrwxrwxrwx 1 root root      5 Jul 21 16:45 /usr/bin/gcc -> gcc-5*
-rwxr-xr-x 1 root root 578880 Jan 19  2016 /usr/bin/gcc-4.7*
-rwxr-xr-x 1 root root 915736 Nov  3  2016 /usr/bin/gcc-5*
lrwxrwxrwx 1 root root      8 Jul 21 16:45 /usr/bin/gcc-ar -> gcc-ar-5*
-rwxr-xr-x 1 root root  22912 Jan 19  2016 /usr/bin/gcc-ar-4.7*
-rwxr-xr-x 1 root root  31136 Nov  3  2016 /usr/bin/gcc-ar-5*
lrwxrwxrwx 1 root root      8 Jul 21 16:45 /usr/bin/gcc-nm -> gcc-nm-5*
-rwxr-xr-x 1 root root  22912 Jan 19  2016 /usr/bin/gcc-nm-4.7*
-rwxr-xr-x 1 root root  31136 Nov  3  2016 /usr/bin/gcc-nm-5*
lrwxrwxrwx 1 root root     12 Jul 21 16:45 /usr/bin/gcc-ranlib -> gcc-ranlib-5*
-rwxr-xr-x 1 root root  22912 Jan 19  2016 /usr/bin/gcc-ranlib-4.7*
-rwxr-xr-x 1 root root  31136 Nov  3  2016 /usr/bin/gcc-ranlib-5*
```
只要将原来的gcc等软连接删掉，重新链接为对应版本即可，g++同理
```bash
wayne@wayne-VMachine:/usr/bin$ su
Password: 
root@wayne-VMachine:/usr/bin# rm gcc
root@wayne-VMachine:/usr/bin# ln -s gcc-4.7 gcc
root@wayne-VMachine:/usr/bin# rm gcc-ar
root@wayne-VMachine:/usr/bin# ln -s gcc-ar-4.7 gcc-ar
root@wayne-VMachine:/usr/bin# ll gcc*
lrwxrwxrwx 1 root root      7 Oct 13 14:23 gcc -> gcc-4.7*
-rwxr-xr-x 1 root root 578880 Jan 19  2016 gcc-4.7*
-rwxr-xr-x 1 root root 915736 Nov  3  2016 gcc-5*
lrwxrwxrwx 1 root root     10 Oct 13 14:23 gcc-ar -> gcc-ar-4.7*
-rwxr-xr-x 1 root root  22912 Jan 19  2016 gcc-ar-4.7*
-rwxr-xr-x 1 root root  31136 Nov  3  2016 gcc-ar-5*
lrwxrwxrwx 1 root root      8 Jul 21 16:45 gcc-nm -> gcc-nm-5*
-rwxr-xr-x 1 root root  22912 Jan 19  2016 gcc-nm-4.7*
-rwxr-xr-x 1 root root  31136 Nov  3  2016 gcc-nm-5*
lrwxrwxrwx 1 root root     12 Jul 21 16:45 gcc-ranlib -> gcc-ranlib-5*
-rwxr-xr-x 1 root root  22912 Jan 19  2016 gcc-ranlib-4.7*
-rwxr-xr-x 1 root root  31136 Nov  3  2016 gcc-ranlib-5*
```

### VMware 下载激活
VMware v10.x  永久许可证激活密钥：\
5F29M-48312-8ZDF9-A8A5K-2AM0Z\
1G4LV-FZ25P-0ZCN8-ZA3QH-8C00C\
1F48Z-6MJ4H-UZUA8-UT176-92W5A\
HA2PK-DMH1Q-5Z6E0-Q327H-3303N\
MF2QC-8HK07-WZ058-683N4-138NP\
MG2E7-8XJ82-QZR59-XTC54-13T3J

VMware  11.0 永久不过期激活密钥\
1F04Z-6D111-7Z029-AV0Q4-3AEH8

下载地址：
10.0.5
<https://download3.vmware.com/software/wkst/file/VMware-workstation-full-10.0.5-2443746.exe>

入门指南
<http://pubs.vmware.com/workstation-10/index.jsp?topic=%2Fcom.vmware.ws.get_started.doc%2FGUID-C665A784-EDE0-4927-A467-4076C9C7F8EF.html>

11.1.0 64位

<https://download3.vmware.com/software/wkst/file/VMware-workstation-full-11.1.0-2496824.exe>
VMware Player 7.0.0  64位
<http://download3.vmware.com/software/player/file/VMware-player-7.0.0-2305329.exe>

